// Jest Snapshot v1, https://goo.gl/fbAQLP

exports[`Router renders properly 1`] = `[Function]`;
