// Jest Snapshot v1, https://goo.gl/fbAQLP

exports[`Category renders properly 1`] = `[Function]`;
