// Jest Snapshot v1, https://goo.gl/fbAQLP

exports[`Facts renders properly 1`] = `[Function]`;
