// Jest Snapshot v1, https://goo.gl/fbAQLP

exports[`FavouriteJokes renders properly 1`] = `[Function]`;
